============================= test session starts =============================
platform win32 -- Python 3.11.9, pytest-8.4.2, pluggy-1.6.0 -- C:\Program Files\Python311\python.exe
cachedir: .pytest_cache
rootdir: D:\SPAG-4D
configfile: pyproject.toml
plugins: anyio-4.10.0, dash-3.2.0, jaxtyping-0.3.2, asyncio-1.3.0, cov-7.0.0, typeguard-4.4.4
asyncio: mode=Mode.AUTO, debug=False, asyncio_default_fixture_loop_scope=None, asyncio_default_test_loop_scope=function
collecting ... collected 32 items

tests/test_depth_blend.py::TestBuildGaussianPyramid::test_level_count PASSED [  3%]
tests/test_depth_blend.py::TestBuildGaussianPyramid::test_first_level_matches_input_dtype PASSED [  6%]
tests/test_depth_blend.py::TestBuildGaussianPyramid::test_progressive_downsampling PASSED [  9%]
tests/test_depth_blend.py::TestBuildGaussianPyramid::test_single_level_equals_input PASSED [ 12%]
tests/test_depth_blend.py::TestBuildLaplacianPyramid::test_level_count_matches_gaussian PASSED [ 15%]
tests/test_depth_blend.py::TestBuildLaplacianPyramid::test_first_level_shape_matches_input PASSED [ 18%]
tests/test_depth_blend.py::TestBuildLaplacianPyramid::test_coarsest_level_equals_gaussian_coarsest PASSED [ 21%]
tests/test_depth_blend.py::TestReconstructFromLaplacian::test_round_trip_smooth_image PASSED [ 25%]
tests/test_depth_blend.py::TestReconstructFromLaplacian::test_output_shape_matches_finest_level PASSED [ 28%]
tests/test_depth_blend.py::TestLaplacianDepthFusion::test_output_shape_and_dtype PASSED [ 31%]
tests/test_depth_blend.py::TestLaplacianDepthFusion::test_output_non_negative PASSED [ 34%]
tests/test_depth_blend.py::TestLaplacianDepthFusion::test_identical_inputs_returns_same PASSED [ 37%]
tests/test_depth_blend.py::TestLaplacianDepthFusion::test_low_freq_dominated_by_dap FAILED [ 40%]
tests/test_depth_blend.py::TestLaplacianDepthFusion::test_high_freq_dominated_by_dp FAILED [ 43%]
tests/test_depth_blend.py::TestMaskedLaplacianFusion::test_output_shape_and_dtype PASSED [ 46%]
tests/test_depth_blend.py::TestMaskedLaplacianFusion::test_output_non_negative PASSED [ 50%]
tests/test_depth_blend.py::TestMaskedLaplacianFusion::test_full_confidence_biases_toward_dp PASSED [ 53%]
tests/test_depth_blend.py::TestMaskedLaplacianFusion::test_zero_confidence_biases_toward_dap PASSED [ 56%]
tests/test_depth_blend.py::TestFeatheredBlend::test_weight_one_returns_depth_a PASSED [ 59%]
tests/test_depth_blend.py::TestFeatheredBlend::test_weight_zero_returns_depth_b PASSED [ 62%]
tests/test_depth_blend.py::TestFeatheredBlend::test_half_weight_is_average PASSED [ 65%]
tests/test_depth_blend.py::TestFeatheredBlend::test_output_shape_and_dtype PASSED [ 68%]
tests/test_depth_blend.py::TestFeatheredBlend::test_weight_clipped_outside_unit_interval PASSED [ 71%]
tests/test_depth_blend.py::TestDepthBlender::test_feathered_mode_no_confidence PASSED [ 75%]
tests/test_depth_blend.py::TestDepthBlender::test_feathered_mode_with_confidence PASSED [ 78%]
tests/test_depth_blend.py::TestDepthBlender::test_laplacian_mode_output_shape PASSED [ 81%]
tests/test_depth_blend.py::TestDepthBlender::test_laplacian_mode_with_confidence_output_shape PASSED [ 84%]
tests/test_depth_blend.py::TestDepthBlender::test_laplacian_output_non_negative PASSED [ 87%]
tests/test_depth_blend.py::TestDepthBlender::test_poisson_mode_raises_for_fuse PASSED [ 90%]
tests/test_depth_blend.py::TestDepthBlender::test_n_levels_parameter_respected PASSED [ 93%]
tests/test_depth_blend.py::TestBlendModeEnum::test_enum_values PASSED    [ 96%]
tests/test_depth_blend.py::TestBlendModeEnum::test_enum_from_string PASSED [100%]

================================== FAILURES ===================================
___________ TestLaplacianDepthFusion.test_low_freq_dominated_by_dap ___________

self = <tests.test_depth_blend.TestLaplacianDepthFusion object at 0x000001D7F50BD610>

    def test_low_freq_dominated_by_dap(self):
        """With low_freq_cutoff=n_levels-1, all coarse bands come from dap_depth."""
        from spag4d.depth_blend import laplacian_depth_fusion
>       dap = np.linspace(1, 10, W).reshape(1, -1).repeat(H, axis=0).astype(np.float32)
                                 ^
E       NameError: name 'W' is not defined

tests\test_depth_blend.py:134: NameError
___________ TestLaplacianDepthFusion.test_high_freq_dominated_by_dp ___________

self = <tests.test_depth_blend.TestLaplacianDepthFusion object at 0x000001D7F50C0790>

    def test_high_freq_dominated_by_dp(self):
        """With low_freq_cutoff=0, fine detail should come from dp_depth."""
        from spag4d.depth_blend import laplacian_depth_fusion
>       dap = np.full((H, W), 5.0, dtype=np.float32)
                       ^
E       NameError: name 'H' is not defined

tests\test_depth_blend.py:145: NameError
=========================== short test summary info ===========================
FAILED tests/test_depth_blend.py::TestLaplacianDepthFusion::test_low_freq_dominated_by_dap
FAILED tests/test_depth_blend.py::TestLaplacianDepthFusion::test_high_freq_dominated_by_dp
======================== 2 failed, 30 passed in 2.57s =========================
